{
  "openapi": "3.0.0",
  "info": {
    "title": "test-flatten-extension-field",
    "version": "0.1.0"
  },
  "paths": {
    "/": {
      "get": {
        "operationId": "test_index",
        "responses": {
          "200": {
            "description": "",
            "content": {
              "text/plain": {
                "schema": {
                  "type": "string"
                }
              }
            }
          },
          "default": {
            "description": ""
          }
        }
      }
    }
  },
  "components": {}
}